--------------------------------------------------------------------------------
Release 14.7 Trace  (nt64)
Copyright (c) 1995-2013 Xilinx, Inc.  All rights reserved.

C:\Xilinx\14.7\ISE_DS\ISE\bin\nt64\unwrapped\trce.exe -intstyle ise -v 3 -s 3
-n 3 -fastpaths -xml controller.twx controller.ncd -o controller.twr
controller.pcf -ucf main_pin_map.ucf

Design file:              controller.ncd
Physical constraint file: controller.pcf
Device,package,speed:     xc6slx45,csg484,C,-3 (PRODUCTION 1.23 2013-10-13)
Report level:             verbose report

Environment Variable      Effect 
--------------------      ------ 
NONE                      No environment variables were set
--------------------------------------------------------------------------------

INFO:Timing:2698 - No timing constraints found, doing default enumeration.
INFO:Timing:3412 - To improve timing, see the Timing Closure User Guide (UG612).
INFO:Timing:2752 - To get complete path coverage, use the unconstrained paths 
   option. All paths that are not constrained will be reported in the 
   unconstrained paths section(s) of the report.
INFO:Timing:3339 - The clock-to-out numbers in this timing report are based on 
   a 50 Ohm transmission line loading model.  For the details of this model, 
   and for more information on accounting for different loading conditions, 
   please see the device datasheet.



Data Sheet report:
-----------------
All values displayed in nanoseconds (ns)

Setup/Hold to clock clk
------------+------------+------------+------------+------------+--------------------------------------------+--------+
            |Max Setup to|  Process   |Max Hold to |  Process   |                                            | Clock  |
Source      | clk (edge) |   Corner   | clk (edge) |   Corner   |Internal Clock(s)                           | Phase  |
------------+------------+------------+------------+------------+--------------------------------------------+--------+
AUD_I2C_SDAT|   -0.010(R)|      FAST  |    2.496(R)|      SLOW  |what/main_clk                               |   0.000|
KEY<0>      |    3.150(R)|      SLOW  |   -1.260(R)|      SLOW  |AUD_XCK_OBUF                                |   0.000|
            |    0.590(R)|      FAST  |    2.123(R)|      SLOW  |what/main_clk                               |   0.000|
back        |   -0.545(R)|      FAST  |    2.208(R)|      SLOW  |clk1                                        |   0.000|
hw_rzq_pin  |    0.130(R)|      FAST  |    1.029(R)|      SLOW  |RAMWrapper/u_memory_interface/c3_mcb_drp_clk|   0.000|
hw_zio_pin  |    0.323(R)|      FAST  |    0.798(R)|      SLOW  |RAMWrapper/u_memory_interface/c3_mcb_drp_clk|   0.000|
pause_play  |    0.258(R)|      FAST  |    1.210(R)|      SLOW  |clk1                                        |   0.000|
reset       |    0.640(R)|      FAST  |    2.769(R)|      SLOW  |clk1                                        |   0.000|
            |    2.183(R)|      SLOW  |    1.079(R)|      SLOW  |wizclk                                      |   0.000|
rs232_rx    |    0.348(R)|      FAST  |    1.273(R)|      SLOW  |clk1                                        |   0.000|
scroll_down |    4.620(R)|      SLOW  |   -2.603(R)|      FAST  |clk1                                        |   0.000|
scroll_up   |    4.147(R)|      SLOW  |   -2.264(R)|      FAST  |clk1                                        |   0.000|
select      |    5.079(R)|      SLOW  |   -2.888(R)|      FAST  |clk1                                        |   0.000|
switches<0> |   -0.321(R)|      FAST  |    1.900(R)|      SLOW  |clk1                                        |   0.000|
switches<1> |   -0.642(R)|      FAST  |    2.497(R)|      SLOW  |clk1                                        |   0.000|
switches<2> |   -0.806(R)|      FAST  |    2.730(R)|      SLOW  |clk1                                        |   0.000|
switches<3> |   -0.729(R)|      FAST  |    2.587(R)|      SLOW  |clk1                                        |   0.000|
------------+------------+------------+------------+------------+--------------------------------------------+--------+

Clock clk to Pad
-------------+-----------------+------------+-----------------+------------+----------------------------------------------+--------+
             |Max (slowest) clk|  Process   |Min (fastest) clk|  Process   |                                              | Clock  |
Destination  |  (edge) to PAD  |   Corner   |  (edge) to PAD  |   Corner   |Internal Clock(s)                             | Phase  |
-------------+-----------------+------------+-----------------+------------+----------------------------------------------+--------+
AUD_ADCLRCK  |        12.667(R)|      SLOW  |         7.123(R)|      FAST  |AUD_XCK_OBUF                                  |   0.000|
AUD_BCLK     |        14.693(R)|      SLOW  |         8.418(R)|      FAST  |AUD_XCK_OBUF                                  |   0.000|
AUD_DACDAT   |        11.867(R)|      SLOW  |         6.619(R)|      FAST  |AUD_XCK_OBUF                                  |   0.000|
AUD_DACLRCK  |        12.385(R)|      SLOW  |         6.932(R)|      FAST  |AUD_XCK_OBUF                                  |   0.000|
AUD_I2C_SCLK |        15.343(R)|      SLOW  |         8.520(R)|      FAST  |what/main_clk                                 |   0.000|
AUD_I2C_SDAT |        14.415(R)|      SLOW  |         8.066(R)|      FAST  |what/main_clk                                 |   0.000|
LED          |        10.651(R)|      SLOW  |         5.719(R)|      FAST  |clk1                                          |   0.000|
hw_ram_ad<0> |         9.247(R)|      SLOW  |         5.371(R)|      FAST  |RAMWrapper/u_memory_interface/c3_sysclk_2x    |   0.000|
hw_ram_ad<1> |         9.247(R)|      SLOW  |         5.371(R)|      FAST  |RAMWrapper/u_memory_interface/c3_sysclk_2x    |   0.000|
hw_ram_ad<2> |         9.238(R)|      SLOW  |         5.362(R)|      FAST  |RAMWrapper/u_memory_interface/c3_sysclk_2x    |   0.000|
hw_ram_ad<3> |         9.247(R)|      SLOW  |         5.371(R)|      FAST  |RAMWrapper/u_memory_interface/c3_sysclk_2x    |   0.000|
hw_ram_ad<4> |         9.238(R)|      SLOW  |         5.362(R)|      FAST  |RAMWrapper/u_memory_interface/c3_sysclk_2x    |   0.000|
hw_ram_ad<5> |         9.247(R)|      SLOW  |         5.371(R)|      FAST  |RAMWrapper/u_memory_interface/c3_sysclk_2x    |   0.000|
hw_ram_ad<6> |         9.247(R)|      SLOW  |         5.371(R)|      FAST  |RAMWrapper/u_memory_interface/c3_sysclk_2x    |   0.000|
hw_ram_ad<7> |         9.238(R)|      SLOW  |         5.362(R)|      FAST  |RAMWrapper/u_memory_interface/c3_sysclk_2x    |   0.000|
hw_ram_ad<8> |         9.238(R)|      SLOW  |         5.362(R)|      FAST  |RAMWrapper/u_memory_interface/c3_sysclk_2x    |   0.000|
hw_ram_ad<9> |         9.238(R)|      SLOW  |         5.362(R)|      FAST  |RAMWrapper/u_memory_interface/c3_sysclk_2x    |   0.000|
hw_ram_ad<10>|         9.238(R)|      SLOW  |         5.362(R)|      FAST  |RAMWrapper/u_memory_interface/c3_sysclk_2x    |   0.000|
hw_ram_ad<11>|         9.226(R)|      SLOW  |         5.350(R)|      FAST  |RAMWrapper/u_memory_interface/c3_sysclk_2x    |   0.000|
hw_ram_ad<12>|         9.226(R)|      SLOW  |         5.350(R)|      FAST  |RAMWrapper/u_memory_interface/c3_sysclk_2x    |   0.000|
hw_ram_ba<0> |         9.247(R)|      SLOW  |         5.371(R)|      FAST  |RAMWrapper/u_memory_interface/c3_sysclk_2x    |   0.000|
hw_ram_ba<1> |         9.247(R)|      SLOW  |         5.371(R)|      FAST  |RAMWrapper/u_memory_interface/c3_sysclk_2x    |   0.000|
hw_ram_ba<2> |         9.238(R)|      SLOW  |         5.362(R)|      FAST  |RAMWrapper/u_memory_interface/c3_sysclk_2x    |   0.000|
hw_ram_casn  |         9.397(R)|      SLOW  |         5.512(R)|      FAST  |RAMWrapper/u_memory_interface/c3_sysclk_2x    |   0.000|
hw_ram_ck    |         9.147(R)|      SLOW  |         5.277(R)|      FAST  |RAMWrapper/u_memory_interface/c3_sysclk_2x    |   0.000|
hw_ram_cke   |         9.376(R)|      SLOW  |         5.491(R)|      FAST  |RAMWrapper/u_memory_interface/c3_sysclk_2x    |   0.000|
hw_ram_ckn   |         9.187(R)|      SLOW  |         5.302(R)|      FAST  |RAMWrapper/u_memory_interface/c3_sysclk_2x    |   0.000|
hw_ram_dq<0> |         9.343(R)|      SLOW  |         5.460(R)|      FAST  |RAMWrapper/u_memory_interface/c3_sysclk_2x_180|   0.000|
hw_ram_dq<1> |         9.343(R)|      SLOW  |         5.460(R)|      FAST  |RAMWrapper/u_memory_interface/c3_sysclk_2x_180|   0.000|
hw_ram_dq<2> |         9.343(R)|      SLOW  |         5.460(R)|      FAST  |RAMWrapper/u_memory_interface/c3_sysclk_2x_180|   0.000|
hw_ram_dq<3> |         9.343(R)|      SLOW  |         5.460(R)|      FAST  |RAMWrapper/u_memory_interface/c3_sysclk_2x_180|   0.000|
hw_ram_dq<4> |         9.343(R)|      SLOW  |         5.460(R)|      FAST  |RAMWrapper/u_memory_interface/c3_sysclk_2x_180|   0.000|
hw_ram_dq<5> |         9.343(R)|      SLOW  |         5.460(R)|      FAST  |RAMWrapper/u_memory_interface/c3_sysclk_2x_180|   0.000|
hw_ram_dq<6> |         9.343(R)|      SLOW  |         5.460(R)|      FAST  |RAMWrapper/u_memory_interface/c3_sysclk_2x_180|   0.000|
hw_ram_dq<7> |         9.343(R)|      SLOW  |         5.460(R)|      FAST  |RAMWrapper/u_memory_interface/c3_sysclk_2x_180|   0.000|
hw_ram_dq<8> |         9.343(R)|      SLOW  |         5.460(R)|      FAST  |RAMWrapper/u_memory_interface/c3_sysclk_2x_180|   0.000|
hw_ram_dq<9> |         9.343(R)|      SLOW  |         5.460(R)|      FAST  |RAMWrapper/u_memory_interface/c3_sysclk_2x_180|   0.000|
hw_ram_dq<10>|         9.334(R)|      SLOW  |         5.451(R)|      FAST  |RAMWrapper/u_memory_interface/c3_sysclk_2x_180|   0.000|
hw_ram_dq<11>|         9.334(R)|      SLOW  |         5.451(R)|      FAST  |RAMWrapper/u_memory_interface/c3_sysclk_2x_180|   0.000|
hw_ram_dq<12>|         9.334(R)|      SLOW  |         5.451(R)|      FAST  |RAMWrapper/u_memory_interface/c3_sysclk_2x_180|   0.000|
hw_ram_dq<13>|         9.334(R)|      SLOW  |         5.451(R)|      FAST  |RAMWrapper/u_memory_interface/c3_sysclk_2x_180|   0.000|
hw_ram_dq<14>|         9.325(R)|      SLOW  |         5.442(R)|      FAST  |RAMWrapper/u_memory_interface/c3_sysclk_2x_180|   0.000|
hw_ram_dq<15>|         9.325(R)|      SLOW  |         5.442(R)|      FAST  |RAMWrapper/u_memory_interface/c3_sysclk_2x_180|   0.000|
hw_ram_ldm   |         9.493(R)|      SLOW  |         5.601(R)|      FAST  |RAMWrapper/u_memory_interface/c3_sysclk_2x_180|   0.000|
hw_ram_ldqs_n|         9.225(R)|      SLOW  |         5.348(R)|      FAST  |RAMWrapper/u_memory_interface/c3_sysclk_2x    |   0.000|
hw_ram_ldqs_p|         9.225(R)|      SLOW  |         5.348(R)|      FAST  |RAMWrapper/u_memory_interface/c3_sysclk_2x    |   0.000|
hw_ram_odt   |         9.397(R)|      SLOW  |         5.512(R)|      FAST  |RAMWrapper/u_memory_interface/c3_sysclk_2x    |   0.000|
hw_ram_rasn  |         9.397(R)|      SLOW  |         5.512(R)|      FAST  |RAMWrapper/u_memory_interface/c3_sysclk_2x    |   0.000|
hw_ram_udm   |         9.493(R)|      SLOW  |         5.601(R)|      FAST  |RAMWrapper/u_memory_interface/c3_sysclk_2x_180|   0.000|
hw_ram_udqs_n|         9.225(R)|      SLOW  |         5.348(R)|      FAST  |RAMWrapper/u_memory_interface/c3_sysclk_2x    |   0.000|
hw_ram_udqs_p|         9.225(R)|      SLOW  |         5.348(R)|      FAST  |RAMWrapper/u_memory_interface/c3_sysclk_2x    |   0.000|
hw_ram_wen   |         9.388(R)|      SLOW  |         5.503(R)|      FAST  |RAMWrapper/u_memory_interface/c3_sysclk_2x    |   0.000|
hw_rzq_pin   |        12.433(R)|      SLOW  |         6.818(R)|      FAST  |RAMWrapper/u_memory_interface/c3_mcb_drp_clk  |   0.000|
hw_zio_pin   |        12.439(R)|      SLOW  |         6.815(R)|      FAST  |RAMWrapper/u_memory_interface/c3_mcb_drp_clk  |   0.000|
rs232_tx     |        12.690(R)|      SLOW  |         7.096(R)|      FAST  |clk1                                          |   0.000|
s_end        |        16.595(R)|      SLOW  |         8.755(R)|      FAST  |AUD_XCK_OBUF                                  |   0.000|
s_req        |        16.189(R)|      SLOW  |         8.701(R)|      FAST  |AUD_XCK_OBUF                                  |   0.000|
status       |        11.442(R)|      SLOW  |         6.378(R)|      FAST  |RAMWrapper/u_memory_interface/c3_mcb_drp_clk  |   0.000|
-------------+-----------------+------------+-----------------+------------+----------------------------------------------+--------+

Clock to Setup on destination clock clk
---------------+---------+---------+---------+---------+
               | Src:Rise| Src:Fall| Src:Rise| Src:Fall|
Source Clock   |Dest:Rise|Dest:Rise|Dest:Fall|Dest:Fall|
---------------+---------+---------+---------+---------+
clk            |   13.145|    8.623|         |         |
---------------+---------+---------+---------+---------+

Pad to Pad
---------------+---------------+---------+
Source Pad     |Destination Pad|  Delay  |
---------------+---------------+---------+
KEY<0>         |PLL_LOCKED     |   19.589|
clk            |AUD_XCK        |   10.094|
clk            |audioCLK       |    9.586|
clk            |hw_rzq_pin     |   13.568|
clk            |hw_zio_pin     |   13.574|
---------------+---------------+---------+


Analysis completed Tue May 03 12:40:16 2022 
--------------------------------------------------------------------------------

Trace Settings:
-------------------------
Trace Settings 

Peak Memory Usage: 4645 MB



