--------------------------------------------------------------------------------
Release 14.7 Trace  (nt64)
Copyright (c) 1995-2013 Xilinx, Inc.  All rights reserved.

C:\Xilinx\14.7\ISE_DS\ISE\bin\nt64\unwrapped\trce.exe -intstyle ise -v 3 -s 3
-n 3 -fastpaths -xml controller.twx controller.ncd -o controller.twr
controller.pcf -ucf main_pin_map.ucf

Design file:              controller.ncd
Physical constraint file: controller.pcf
Device,package,speed:     xc6slx45,csg484,C,-3 (PRODUCTION 1.23 2013-10-13)
Report level:             verbose report

Environment Variable      Effect 
--------------------      ------ 
NONE                      No environment variables were set
--------------------------------------------------------------------------------

INFO:Timing:2698 - No timing constraints found, doing default enumeration.
INFO:Timing:3412 - To improve timing, see the Timing Closure User Guide (UG612).
INFO:Timing:2752 - To get complete path coverage, use the unconstrained paths 
   option. All paths that are not constrained will be reported in the 
   unconstrained paths section(s) of the report.
INFO:Timing:3339 - The clock-to-out numbers in this timing report are based on 
   a 50 Ohm transmission line loading model.  For the details of this model, 
   and for more information on accounting for different loading conditions, 
   please see the device datasheet.



Data Sheet report:
-----------------
All values displayed in nanoseconds (ns)

Setup/Hold to clock clk
------------+------------+------------+------------+------------+---------------------------------------------------------------------------+--------+
            |Max Setup to|  Process   |Max Hold to |  Process   |                                                                           | Clock  |
Source      | clk (edge) |   Corner   | clk (edge) |   Corner   |Internal Clock(s)                                                          | Phase  |
------------+------------+------------+------------+------------+---------------------------------------------------------------------------+--------+
AUD_ADCDAT  |    1.018(R)|      FAST  |    1.070(R)|      SLOW  |AUD_XCK_OBUF                                                               |   0.000|
AUD_I2C_SDAT|   -1.865(R)|      FAST  |    5.829(R)|      SLOW  |what/main_clk                                                              |   0.000|
back        |   -0.380(R)|      FAST  |    2.329(R)|      SLOW  |clk2                                                                       |   0.000|
hw_rzq_pin  |    0.276(R)|      FAST  |    0.802(R)|      SLOW  |RAMWrapper/u_memory_interface/c3_mcb_drp_clk                               |   0.000|
hw_zio_pin  |   -0.357(R)|      FAST  |    1.745(R)|      SLOW  |RAMWrapper/u_memory_interface/c3_mcb_drp_clk                               |   0.000|
pause_play  |   -0.634(R)|      FAST  |    2.720(R)|      SLOW  |clk2                                                                       |   0.000|
reset       |    5.564(R)|      SLOW  |   -1.987(R)|      FAST  |RAMWrapper/u_memory_interface/c3_mcb_drp_clk                               |   0.000|
            |   11.232(R)|      SLOW  |   -6.591(R)|      FAST  |RAMWrapper/u_memory_interface/memc3_infrastructure_inst/mcb_drp_clk_bufg_in|   0.000|
            |    2.278(R)|      SLOW  |    3.279(R)|      SLOW  |clk2                                                                       |   0.000|
            |    5.487(R)|      SLOW  |   -1.575(R)|      FAST  |wizclk                                                                     |   0.000|
rs232_rx    |    0.261(R)|      FAST  |    1.626(R)|      SLOW  |clk2                                                                       |   0.000|
select      |    2.136(R)|      SLOW  |   -0.834(R)|      SLOW  |clk2                                                                       |   0.000|
switches<0> |    7.531(R)|      SLOW  |   -0.821(R)|      SLOW  |AUD_XCK_OBUF                                                               |   0.000|
            |   -0.485(R)|      FAST  |    2.497(R)|      SLOW  |clk2                                                                       |   0.000|
switches<1> |    6.979(R)|      SLOW  |   -0.124(R)|      SLOW  |AUD_XCK_OBUF                                                               |   0.000|
            |   -0.912(R)|      FAST  |    3.113(R)|      SLOW  |clk2                                                                       |   0.000|
switches<2> |   -0.923(R)|      FAST  |    3.281(R)|      SLOW  |clk2                                                                       |   0.000|
switches<3> |   -1.392(R)|      FAST  |    3.876(R)|      SLOW  |clk2                                                                       |   0.000|
------------+------------+------------+------------+------------+---------------------------------------------------------------------------+--------+

Clock clk to Pad
-------------+-----------------+------------+-----------------+------------+----------------------------------------------+--------+
             |Max (slowest) clk|  Process   |Min (fastest) clk|  Process   |                                              | Clock  |
Destination  |  (edge) to PAD  |   Corner   |  (edge) to PAD  |   Corner   |Internal Clock(s)                             | Phase  |
-------------+-----------------+------------+-----------------+------------+----------------------------------------------+--------+
AUD_ADCLRCK  |        14.712(R)|      SLOW  |         7.970(R)|      FAST  |AUD_XCK_OBUF                                  |   0.000|
AUD_BCLK     |        13.510(R)|      SLOW  |         7.493(R)|      FAST  |AUD_XCK_OBUF                                  |   0.000|
AUD_DACDAT   |        13.607(R)|      SLOW  |         7.469(R)|      FAST  |AUD_XCK_OBUF                                  |   0.000|
AUD_DACLRCK  |        14.822(R)|      SLOW  |         8.016(R)|      FAST  |AUD_XCK_OBUF                                  |   0.000|
AUD_I2C_SCLK |        16.571(R)|      SLOW  |         8.946(R)|      FAST  |what/main_clk                                 |   0.000|
AUD_I2C_SDAT |        15.369(R)|      SLOW  |         8.360(R)|      FAST  |what/main_clk                                 |   0.000|
hw_ram_ad<0> |         9.247(R)|      SLOW  |         5.371(R)|      FAST  |RAMWrapper/u_memory_interface/c3_sysclk_2x    |   0.000|
hw_ram_ad<1> |         9.247(R)|      SLOW  |         5.371(R)|      FAST  |RAMWrapper/u_memory_interface/c3_sysclk_2x    |   0.000|
hw_ram_ad<2> |         9.238(R)|      SLOW  |         5.362(R)|      FAST  |RAMWrapper/u_memory_interface/c3_sysclk_2x    |   0.000|
hw_ram_ad<3> |         9.247(R)|      SLOW  |         5.371(R)|      FAST  |RAMWrapper/u_memory_interface/c3_sysclk_2x    |   0.000|
hw_ram_ad<4> |         9.238(R)|      SLOW  |         5.362(R)|      FAST  |RAMWrapper/u_memory_interface/c3_sysclk_2x    |   0.000|
hw_ram_ad<5> |         9.247(R)|      SLOW  |         5.371(R)|      FAST  |RAMWrapper/u_memory_interface/c3_sysclk_2x    |   0.000|
hw_ram_ad<6> |         9.247(R)|      SLOW  |         5.371(R)|      FAST  |RAMWrapper/u_memory_interface/c3_sysclk_2x    |   0.000|
hw_ram_ad<7> |         9.238(R)|      SLOW  |         5.362(R)|      FAST  |RAMWrapper/u_memory_interface/c3_sysclk_2x    |   0.000|
hw_ram_ad<8> |         9.238(R)|      SLOW  |         5.362(R)|      FAST  |RAMWrapper/u_memory_interface/c3_sysclk_2x    |   0.000|
hw_ram_ad<9> |         9.238(R)|      SLOW  |         5.362(R)|      FAST  |RAMWrapper/u_memory_interface/c3_sysclk_2x    |   0.000|
hw_ram_ad<10>|         9.238(R)|      SLOW  |         5.362(R)|      FAST  |RAMWrapper/u_memory_interface/c3_sysclk_2x    |   0.000|
hw_ram_ad<11>|         9.226(R)|      SLOW  |         5.350(R)|      FAST  |RAMWrapper/u_memory_interface/c3_sysclk_2x    |   0.000|
hw_ram_ad<12>|         9.226(R)|      SLOW  |         5.350(R)|      FAST  |RAMWrapper/u_memory_interface/c3_sysclk_2x    |   0.000|
hw_ram_ba<0> |         9.247(R)|      SLOW  |         5.371(R)|      FAST  |RAMWrapper/u_memory_interface/c3_sysclk_2x    |   0.000|
hw_ram_ba<1> |         9.247(R)|      SLOW  |         5.371(R)|      FAST  |RAMWrapper/u_memory_interface/c3_sysclk_2x    |   0.000|
hw_ram_ba<2> |         9.238(R)|      SLOW  |         5.362(R)|      FAST  |RAMWrapper/u_memory_interface/c3_sysclk_2x    |   0.000|
hw_ram_casn  |         9.397(R)|      SLOW  |         5.512(R)|      FAST  |RAMWrapper/u_memory_interface/c3_sysclk_2x    |   0.000|
hw_ram_ck    |         9.147(R)|      SLOW  |         5.277(R)|      FAST  |RAMWrapper/u_memory_interface/c3_sysclk_2x    |   0.000|
hw_ram_cke   |         9.376(R)|      SLOW  |         5.491(R)|      FAST  |RAMWrapper/u_memory_interface/c3_sysclk_2x    |   0.000|
hw_ram_ckn   |         9.187(R)|      SLOW  |         5.302(R)|      FAST  |RAMWrapper/u_memory_interface/c3_sysclk_2x    |   0.000|
hw_ram_dq<0> |         9.343(R)|      SLOW  |         5.460(R)|      FAST  |RAMWrapper/u_memory_interface/c3_sysclk_2x_180|   0.000|
hw_ram_dq<1> |         9.343(R)|      SLOW  |         5.460(R)|      FAST  |RAMWrapper/u_memory_interface/c3_sysclk_2x_180|   0.000|
hw_ram_dq<2> |         9.343(R)|      SLOW  |         5.460(R)|      FAST  |RAMWrapper/u_memory_interface/c3_sysclk_2x_180|   0.000|
hw_ram_dq<3> |         9.343(R)|      SLOW  |         5.460(R)|      FAST  |RAMWrapper/u_memory_interface/c3_sysclk_2x_180|   0.000|
hw_ram_dq<4> |         9.343(R)|      SLOW  |         5.460(R)|      FAST  |RAMWrapper/u_memory_interface/c3_sysclk_2x_180|   0.000|
hw_ram_dq<5> |         9.343(R)|      SLOW  |         5.460(R)|      FAST  |RAMWrapper/u_memory_interface/c3_sysclk_2x_180|   0.000|
hw_ram_dq<6> |         9.343(R)|      SLOW  |         5.460(R)|      FAST  |RAMWrapper/u_memory_interface/c3_sysclk_2x_180|   0.000|
hw_ram_dq<7> |         9.343(R)|      SLOW  |         5.460(R)|      FAST  |RAMWrapper/u_memory_interface/c3_sysclk_2x_180|   0.000|
hw_ram_dq<8> |         9.343(R)|      SLOW  |         5.460(R)|      FAST  |RAMWrapper/u_memory_interface/c3_sysclk_2x_180|   0.000|
hw_ram_dq<9> |         9.343(R)|      SLOW  |         5.460(R)|      FAST  |RAMWrapper/u_memory_interface/c3_sysclk_2x_180|   0.000|
hw_ram_dq<10>|         9.334(R)|      SLOW  |         5.451(R)|      FAST  |RAMWrapper/u_memory_interface/c3_sysclk_2x_180|   0.000|
hw_ram_dq<11>|         9.334(R)|      SLOW  |         5.451(R)|      FAST  |RAMWrapper/u_memory_interface/c3_sysclk_2x_180|   0.000|
hw_ram_dq<12>|         9.334(R)|      SLOW  |         5.451(R)|      FAST  |RAMWrapper/u_memory_interface/c3_sysclk_2x_180|   0.000|
hw_ram_dq<13>|         9.334(R)|      SLOW  |         5.451(R)|      FAST  |RAMWrapper/u_memory_interface/c3_sysclk_2x_180|   0.000|
hw_ram_dq<14>|         9.325(R)|      SLOW  |         5.442(R)|      FAST  |RAMWrapper/u_memory_interface/c3_sysclk_2x_180|   0.000|
hw_ram_dq<15>|         9.325(R)|      SLOW  |         5.442(R)|      FAST  |RAMWrapper/u_memory_interface/c3_sysclk_2x_180|   0.000|
hw_ram_ldm   |         9.493(R)|      SLOW  |         5.601(R)|      FAST  |RAMWrapper/u_memory_interface/c3_sysclk_2x_180|   0.000|
hw_ram_ldqs_n|         9.225(R)|      SLOW  |         5.348(R)|      FAST  |RAMWrapper/u_memory_interface/c3_sysclk_2x    |   0.000|
hw_ram_ldqs_p|         9.225(R)|      SLOW  |         5.348(R)|      FAST  |RAMWrapper/u_memory_interface/c3_sysclk_2x    |   0.000|
hw_ram_odt   |         9.397(R)|      SLOW  |         5.512(R)|      FAST  |RAMWrapper/u_memory_interface/c3_sysclk_2x    |   0.000|
hw_ram_rasn  |         9.397(R)|      SLOW  |         5.512(R)|      FAST  |RAMWrapper/u_memory_interface/c3_sysclk_2x    |   0.000|
hw_ram_udm   |         9.493(R)|      SLOW  |         5.601(R)|      FAST  |RAMWrapper/u_memory_interface/c3_sysclk_2x_180|   0.000|
hw_ram_udqs_n|         9.225(R)|      SLOW  |         5.348(R)|      FAST  |RAMWrapper/u_memory_interface/c3_sysclk_2x    |   0.000|
hw_ram_udqs_p|         9.225(R)|      SLOW  |         5.348(R)|      FAST  |RAMWrapper/u_memory_interface/c3_sysclk_2x    |   0.000|
hw_ram_wen   |         9.388(R)|      SLOW  |         5.503(R)|      FAST  |RAMWrapper/u_memory_interface/c3_sysclk_2x    |   0.000|
hw_rzq_pin   |        12.991(R)|      SLOW  |         7.093(R)|      FAST  |RAMWrapper/u_memory_interface/c3_mcb_drp_clk  |   0.000|
hw_zio_pin   |        12.915(R)|      SLOW  |         7.063(R)|      FAST  |RAMWrapper/u_memory_interface/c3_mcb_drp_clk  |   0.000|
rs232_tx     |        15.741(R)|      SLOW  |         8.868(R)|      FAST  |clk2                                          |   0.000|
status       |         9.765(R)|      SLOW  |         5.297(R)|      FAST  |RAMWrapper/u_memory_interface/c3_mcb_drp_clk  |   0.000|
-------------+-----------------+------------+-----------------+------------+----------------------------------------------+--------+

Clock to Setup on destination clock clk
---------------+---------+---------+---------+---------+
               | Src:Rise| Src:Fall| Src:Rise| Src:Fall|
Source Clock   |Dest:Rise|Dest:Rise|Dest:Fall|Dest:Fall|
---------------+---------+---------+---------+---------+
clk            |   12.331|    4.849|         |         |
---------------+---------+---------+---------+---------+

Pad to Pad
---------------+---------------+---------+
Source Pad     |Destination Pad|  Delay  |
---------------+---------------+---------+
clk            |AUD_XCK        |   12.273|
clk            |hw_rzq_pin     |   13.498|
clk            |hw_zio_pin     |   13.422|
reset          |hw_rzq_pin     |   14.213|
reset          |hw_zio_pin     |   14.137|
---------------+---------------+---------+


Analysis completed Fri Apr 29 16:05:28 2022 
--------------------------------------------------------------------------------

Trace Settings:
-------------------------
Trace Settings 

Peak Memory Usage: 4645 MB



