Release 14.7 - xst P.20131013 (nt64)
Copyright (c) 1995-2013 Xilinx, Inc.  All rights reserved.
--> Parameter TMPDIR set to xst/projnav.tmp


Total REAL time to Xst completion: 0.00 secs
Total CPU time to Xst completion: 0.08 secs
 
--> Parameter xsthdpdir set to xst


Total REAL time to Xst completion: 0.00 secs
Total CPU time to Xst completion: 0.08 secs
 
--> Reading design: controller.prj

TABLE OF CONTENTS
  1) Synthesis Options Summary
  2) HDL Parsing
  3) HDL Elaboration
  4) HDL Synthesis
       4.1) HDL Synthesis Report
  5) Advanced HDL Synthesis
       5.1) Advanced HDL Synthesis Report
  6) Low Level Synthesis
  7) Partition Report
  8) Design Summary
       8.1) Primitive and Black Box Usage
       8.2) Device utilization summary
       8.3) Partition Resource Summary
       8.4) Timing Report
            8.4.1) Clock Information
            8.4.2) Asynchronous Control Signals Information
            8.4.3) Timing Summary
            8.4.4) Timing Details
            8.4.5) Cross Clock Domains Report


=========================================================================
*                      Synthesis Options Summary                        *
=========================================================================
---- Source Parameters
Input File Name                    : "controller.prj"
Ignore Synthesis Constraint File   : NO

---- Target Parameters
Output File Name                   : "controller"
Output Format                      : NGC
Target Device                      : xc6slx45-3-csg484

---- Source Options
Top Module Name                    : controller
Automatic FSM Extraction           : YES
FSM Encoding Algorithm             : Auto
Safe Implementation                : No
FSM Style                          : LUT
RAM Extraction                     : Yes
RAM Style                          : Auto
ROM Extraction                     : Yes
Shift Register Extraction          : YES
ROM Style                          : Auto
Resource Sharing                   : YES
Asynchronous To Synchronous        : NO
Shift Register Minimum Size        : 2
Use DSP Block                      : Auto
Automatic Register Balancing       : No

---- Target Options
LUT Combining                      : Auto
Reduce Control Sets                : Auto
Add IO Buffers                     : YES
Global Maximum Fanout              : 100000
Add Generic Clock Buffer(BUFG)     : 16
Register Duplication               : YES
Optimize Instantiated Primitives   : NO
Use Clock Enable                   : Auto
Use Synchronous Set                : Auto
Use Synchronous Reset              : Auto
Pack IO Registers into IOBs        : Auto
Equivalent register Removal        : YES

---- General Options
Optimization Goal                  : Speed
Optimization Effort                : 1
Power Reduction                    : NO
Keep Hierarchy                     : No
Netlist Hierarchy                  : As_Optimized
RTL Output                         : Yes
Global Optimization                : AllClockNets
Read Cores                         : YES
Write Timing Constraints           : NO
Cross Clock Analysis               : NO
Hierarchy Separator                : /
Bus Delimiter                      : <>
Case Specifier                     : Maintain
Slice Utilization Ratio            : 100
BRAM Utilization Ratio             : 100
DSP48 Utilization Ratio            : 100
Auto BRAM Packing                  : NO
Slice Utilization Ratio Delta      : 5

---- Other Options
Cores Search Directories           : {"ipcore_dir"  }

=========================================================================


=========================================================================
*                          HDL Parsing                                  *
=========================================================================
Analyzing Verilog file "C:\Users\thomasbivins\Desktop\Projects\CDA4203L-TeamLGSB\Final Project\Final_FSM\ipcore_dir\ram_interface\user_design\rtl\mcb_controller\iodrp_mcb_controller.v" into library work
Parsing module <iodrp_mcb_controller>.
Analyzing Verilog file "C:\Users\thomasbivins\Desktop\Projects\CDA4203L-TeamLGSB\Final Project\Final_FSM\ipcore_dir\ram_interface\user_design\rtl\mcb_controller\iodrp_controller.v" into library work
Parsing module <iodrp_controller>.
Analyzing Verilog file "C:\Users\thomasbivins\Desktop\Projects\CDA4203L-TeamLGSB\Final Project\Final_FSM\ipcore_dir\ram_interface\user_design\rtl\mcb_controller\mcb_soft_calibration.v" into library work
Parsing module <mcb_soft_calibration>.
Analyzing Verilog file "C:\Users\thomasbivins\Desktop\Projects\CDA4203L-TeamLGSB\Final Project\Final_FSM\ipcore_dir\ram_interface\user_design\rtl\mcb_controller\mcb_soft_calibration_top.v" into library work
Parsing module <mcb_soft_calibration_top>.
Analyzing Verilog file "C:\Users\thomasbivins\Desktop\Projects\CDA4203L-TeamLGSB\Final Project\Final_FSM\ipcore_dir\ram_interface\user_design\rtl\mcb_controller\mcb_raw_wrapper.v" into library work
Parsing module <mcb_raw_wrapper>.
Analyzing Verilog file "C:\Users\thomasbivins\Desktop\Projects\CDA4203L-TeamLGSB\Final Project\Final_FSM\ipcore_dir\ram_interface\user_design\rtl\mcb_controller\mcb_ui_top.v" into library work
Parsing module <mcb_ui_top>.
Analyzing Verilog file "C:\Users\thomasbivins\Desktop\Projects\CDA4203L-TeamLGSB\Final Project\Final_FSM\ipcore_dir\ram_interface\user_design\rtl\memc_wrapper.v" into library work
Parsing module <memc_wrapper>.
Analyzing Verilog file "C:\Users\thomasbivins\Desktop\Projects\CDA4203L-TeamLGSB\Final Project\Final_FSM\ipcore_dir\ram_interface\user_design\rtl\infrastructure.v" into library work
Parsing module <infrastructure>.
Analyzing Verilog file "C:\Users\thomasbivins\Desktop\Projects\CDA4203L-TeamLGSB\Final Project\Final_FSM\ipcore_dir\ram_interface\user_design\rtl\ram_interface.v" into library work
Parsing module <ram_interface>.
Analyzing Verilog file "C:\Users\thomasbivins\Desktop\Projects\CDA4203L-TeamLGSB\Final Project\Final_FSM\ipcore_dir\clkwiz.v" into library work
Parsing module <clkwiz>.
Analyzing Verilog file "C:\Users\thomasbivins\Desktop\Projects\CDA4203L-TeamLGSB\Final Project\Final_FSM\i2c_controller.v" into library work
Parsing module <i2c_controller>.
Analyzing Verilog file "C:\Users\thomasbivins\Desktop\Projects\CDA4203L-TeamLGSB\Final Project\Final_FSM\i2c_av_config.v" into library work
Parsing module <i2c_av_config>.
Analyzing Verilog file "C:\Users\thomasbivins\Desktop\Projects\CDA4203L-TeamLGSB\Final Project\Final_FSM\audio_effects.v" into library work
Parsing module <audio_effects>.
Analyzing Verilog file "C:\Users\thomasbivins\Desktop\Projects\CDA4203L-TeamLGSB\Final Project\Final_FSM\audio_codec.v" into library work
Parsing module <audio_codec>.
Analyzing Verilog file "C:\Users\thomasbivins\Desktop\Projects\CDA4203L-TeamLGSB\Final Project\Final_FSM\sockit_top.v" into library work
Parsing module <sockit_top>.
Analyzing Verilog file "C:\Users\thomasbivins\Desktop\Projects\CDA4203L-TeamLGSB\Final Project\Final_FSM\ram_interface_wrapper.v" into library work
Parsing module <ram_interface_wrapper>.
Analyzing Verilog file "C:\Users\thomasbivins\Desktop\Projects\CDA4203L-TeamLGSB\Final Project\Final_FSM\controller.v" into library work
Parsing module <controller>.
ERROR:HDLCompiler:711 - "C:\Users\thomasbivins\Desktop\Projects\CDA4203L-TeamLGSB\Final Project\Final_FSM\controller.v" Line 54: Found more than one declaration of port <AUD_DACLRCK>.
INFO - You can change the severity of this error message to warning using switch -change_error_to_warning "HDLCompiler:711"
ERROR:HDLCompiler:53 - "C:\Users\thomasbivins\Desktop\Projects\CDA4203L-TeamLGSB\Final Project\Final_FSM\controller.v" Line 24: <LED> is not a port.
ERROR:HDLCompiler:69 - "C:\Users\thomasbivins\Desktop\Projects\CDA4203L-TeamLGSB\Final Project\Final_FSM\controller.v" Line 24: <data_in> is not declared.
ERROR:HDLCompiler:69 - "C:\Users\thomasbivins\Desktop\Projects\CDA4203L-TeamLGSB\Final Project\Final_FSM\controller.v" Line 25: <rd_data_pres> is not declared.
ERROR:HDLCompiler:53 - "C:\Users\thomasbivins\Desktop\Projects\CDA4203L-TeamLGSB\Final Project\Final_FSM\controller.v" Line 25: <read_ack> is not a port.
ERROR:HDLCompiler:53 - "C:\Users\thomasbivins\Desktop\Projects\CDA4203L-TeamLGSB\Final Project\Final_FSM\controller.v" Line 26: <hw_ram_rasn> is not a port.
ERROR:HDLCompiler:53 - "C:\Users\thomasbivins\Desktop\Projects\CDA4203L-TeamLGSB\Final Project\Final_FSM\controller.v" Line 27: <hw_ram_ldqs_p> is not a port.
ERROR:HDLCompiler:53 - "C:\Users\thomasbivins\Desktop\Projects\CDA4203L-TeamLGSB\Final Project\Final_FSM\controller.v" Line 28: <hw_ram_cke> is not a port.
ERROR:HDLCompiler:598 - "C:\Users\thomasbivins\Desktop\Projects\CDA4203L-TeamLGSB\Final Project\Final_FSM\controller.v" Line 22: Module <controller> ignored due to previous errors.
Verilog file C:\Users\thomasbivins\Desktop\Projects\CDA4203L-TeamLGSB\Final Project\Final_FSM\controller.v ignored due to errors
--> 

Total memory usage is 4449908 kilobytes

Number of errors   :    9 (   0 filtered)
Number of warnings :    0 (   0 filtered)
Number of infos    :    0 (   0 filtered)

